ECHO: "ACTIVE ARTWORK", "Embedded artwork"
ECHO: "COVER ARTWORK", "None"
ECHO: "Shadow placement XY mm", [0, 0]
ECHO: "Pillar through-bore / cover hole mm", [3, 0]
ECHO: "STATUS", "OPTICAL ENVELOPE PASSES; SVG topology still requires checking"
ECHO: "LED centre, local XYZ mm", [0, 0, 24]
ECHO: "LED centre, wall XYZ mm", [0, 0, 24]
ECHO: "Closed first-module depth / stacking pitch mm", [30, 25.5]
ECHO: "Central occlusion radius mm", 64.8649
ECHO: "Housing shape / outer XY mm", ["Cylinder", 100, 100]
ECHO: "Opaque web simplification target / wall-space width mm", [0.6, 11.7187]
ECHO: "Wall standoff mm / optical back above wall mm", [0, 0]
ECHO: "Conservative artwork radius / smallest declared detail mm", [150, 15]
ECHO: "Estimated minimum cut / selected minimum mm", [0.768, 0.4]
ECHO: "Estimated worst geometric blur / selected maximum mm", [0.425, 2]
ECHO: "LED XY is the minimax solution for a concentric 360-degree field."
ECHO: "Preview is an ideal geometric footprint, not a photometric simulation. Source extent can only worsen it."
ECHO: "Centre is intentionally occluded; support spokes intentionally remove light. Floating islands are not auto-detected here."
Geometries in cache: 61
Geometry cache size in bytes: 1055760
CGAL Polyhedrons in cache: 17
CGAL cache size in bytes: 28127728
Total rendering time: 0:01:02.859
   Top level object is a 3D object:
   Simple:        yes
   Vertices:     4250
   Halfedges:   12760
   Edges:        6380
   Halffacets:   4266
   Facets:       2133
   Volumes:         2
