ECHO: "STATUS", "OPTICAL ENVELOPE PASSES; SVG topology still requires checking"
ECHO: "LED centre, local XYZ mm", [0, 0, 24]
ECHO: "LED centre, wall XYZ mm", [0, 0, 24]
ECHO: "Closed first-module depth / stacking pitch mm", [30, 25.5]
ECHO: "Central occlusion radius mm", 64.8649
ECHO: "Conservative artwork radius / smallest declared detail mm", [150, 15]
ECHO: "Estimated minimum cut / selected minimum mm", [0.768, 0.4]
ECHO: "Estimated worst geometric blur / selected maximum mm", [0.425, 2]
ECHO: "LED XY is the analytic minimax solution for a concentric 360-degree field; not an arbitrary-artwork optimum."
ECHO: "Preview is an ideal geometric footprint, not a photometric simulation. Source extent can only worsen it."
ECHO: "Centre is intentionally occluded; support spokes intentionally remove light. Floating islands are not auto-detected here."
Geometries in cache: 57
Geometry cache size in bytes: 596496
CGAL Polyhedrons in cache: 16
CGAL cache size in bytes: 24556320
Total rendering time: 0:00:45.722
   Top level object is a 3D object:
   Simple:        yes
   Vertices:     3742
   Halfedges:   11240
   Edges:        5620
   Halffacets:   3738
   Facets:       1869
   Volumes:         2
