ECHO: "ACTIVE ARTWORK", "Embedded artwork"
ECHO: "COVER ARTWORK", "None"
ECHO: "Shadow placement XY mm", [0, 0]
ECHO: "Pillar through-bore / cover hole mm", [3, 0]
ECHO: "STATUS", "OPTICAL ENVELOPE PASSES; SVG topology still requires checking"
ECHO: "LED centre, local XYZ mm", [0, 0, 24]
ECHO: "LED centre, wall XYZ mm", [0, 0, 54]
ECHO: "Closed first-module depth / stacking pitch mm", [30, 25.5]
ECHO: "Central occlusion radius mm", 165.119
ECHO: "Housing shape / outer XY mm", ["Rectangle", 80, 80]
ECHO: "Occlusion radius is the corner envelope; Projection uses the actual rectangle."
ECHO: "Opaque web simplification target / wall-space width mm", [0.6, 33.2412]
ECHO: "Wall standoff mm / optical back above wall mm", [30, 30]
ECHO: "A standoff lifts the source and sharpens detail, and widens the hidden centre."
ECHO: "Conservative artwork radius / smallest declared detail mm", [335.017, 30]
ECHO: "Estimated minimum cut / selected minimum mm", [0.541497, 0.4]
ECHO: "Estimated worst geometric blur / selected maximum mm", [1.56325, 2]
ECHO: "LED XY is the minimax solution for a concentric 360-degree field."
ECHO: "Preview is an ideal geometric footprint, not a photometric simulation. Source extent can only worsen it."
ECHO: "Centre is intentionally occluded; support spokes intentionally remove light. Floating islands are not auto-detected here."
Geometries in cache: 52
Geometry cache size in bytes: 653760
CGAL Polyhedrons in cache: 16
CGAL cache size in bytes: 21853168
Total rendering time: 0:00:38.919
   Top level object is a 3D object:
   Simple:        yes
   Vertices:     3604
   Halfedges:   10946
   Edges:        5473
   Halffacets:   3754
   Facets:       1877
   Volumes:         2
