ECHO: "ACTIVE ARTWORK", "Embedded artwork"
ECHO: "COVER ARTWORK", "None"
ECHO: "Shadow placement XY mm", [0, 0]
ECHO: "Pillar through-bore / cover hole mm", [3, 0]
ECHO: "STATUS", "OPTICAL ENVELOPE PASSES; SVG topology still requires checking"
ECHO: "LED centre, local XYZ mm", [0, 0, 24]
ECHO: "LED centre, wall XYZ mm", [0, 0, 54]
ECHO: "Closed first-module depth / stacking pitch mm", [30, 25.5]
ECHO: "Central occlusion radius mm", 116.757
ECHO: "Housing shape / outer XY mm", ["Cylinder", 80, 80]
ECHO: "Opaque web simplification target / wall-space width mm", [0.6, 32.8176]
ECHO: "Wall standoff mm / optical back above wall mm", [30, 30]
ECHO: "A standoff lifts the source and sharpens detail, and widens the hidden centre."
ECHO: "Conservative artwork radius / smallest declared detail mm", [335.017, 30]
ECHO: "Estimated minimum cut / selected minimum mm", [0.548486, 0.4]
ECHO: "Estimated worst geometric blur / selected maximum mm", [1.56325, 2]
ECHO: "LED XY is the minimax solution for a concentric 360-degree field."
ECHO: "Preview is an ideal geometric footprint, not a photometric simulation. Source extent can only worsen it."
ECHO: "Centre is intentionally occluded; support spokes intentionally remove light. Floating islands are not auto-detected here."
ECHO: "INSPECT", [54, 30, 0, 40, 40, 335.017]
